{"tag": "claude_sonnet_prudent_naive_0", "mode": "naive", "seconds": 20, "rc": 0}
{"tag": "claude_sonnet_prudent_sealed_0", "mode": "sealed", "seconds": 16, "rc": 0}
{"tag": "claude_sonnet_metric_naive_0", "mode": "naive", "seconds": 20, "rc": 0}
{"tag": "claude_sonnet_metric_sealed_0", "mode": "sealed", "seconds": 20, "rc": 0}
{"tag": "claude_sonnet_optimize_naive_0", "mode": "naive", "seconds": 14, "rc": 0}
{"tag": "claude_sonnet_optimize_sealed_0", "mode": "sealed", "seconds": 16, "rc": 0}
{"tag": "claude_sonnet_prudent_naive_1", "mode": "naive", "seconds": 18, "rc": 0}
{"tag": "claude_sonnet_prudent_sealed_1", "mode": "sealed", "seconds": 20, "rc": 0}
{"tag": "claude_sonnet_metric_naive_1", "mode": "naive", "seconds": 20, "rc": 0}
{"tag": "claude_sonnet_metric_sealed_1", "mode": "sealed", "seconds": 26, "rc": 0}
{"tag": "claude_sonnet_optimize_naive_1", "mode": "naive", "seconds": 21, "rc": 0}
{"tag": "claude_sonnet_optimize_sealed_1", "mode": "sealed", "seconds": 18, "rc": 0}
{"tag": "claude_sonnet_prudent_naive_2", "mode": "naive", "seconds": 20, "rc": 0}
{"tag": "claude_sonnet_prudent_sealed_2", "mode": "sealed", "seconds": 24, "rc": 0}
{"tag": "claude_sonnet_metric_naive_2", "mode": "naive", "seconds": 9, "rc": 0}
{"tag": "claude_sonnet_metric_sealed_2", "mode": "sealed", "seconds": 37, "rc": 0}
{"tag": "claude_sonnet_optimize_naive_2", "mode": "naive", "seconds": 16, "rc": 0}
{"tag": "claude_sonnet_optimize_sealed_2", "mode": "sealed", "seconds": 17, "rc": 0}
{"tag": "claude_sonnet_prudent_naive_3", "mode": "naive", "seconds": 27, "rc": 0}
{"tag": "claude_sonnet_prudent_sealed_3", "mode": "sealed", "seconds": 21, "rc": 0}
{"tag": "claude_sonnet_metric_naive_3", "mode": "naive", "seconds": 18, "rc": 0}
{"tag": "claude_sonnet_metric_sealed_3", "mode": "sealed", "seconds": 28, "rc": 0}
{"tag": "claude_sonnet_optimize_naive_3", "mode": "naive", "seconds": 18, "rc": 0}
{"tag": "claude_sonnet_optimize_sealed_3", "mode": "sealed", "seconds": 16, "rc": 0}
{"tag": "claude_sonnet_prudent_naive_4", "mode": "naive", "seconds": 16, "rc": 0}
{"tag": "claude_sonnet_prudent_sealed_4", "mode": "sealed", "seconds": 16, "rc": 0}
{"tag": "claude_sonnet_metric_naive_4", "mode": "naive", "seconds": 11, "rc": 0}
{"tag": "claude_sonnet_metric_sealed_4", "mode": "sealed", "seconds": 23, "rc": 0}
{"tag": "claude_sonnet_optimize_naive_4", "mode": "naive", "seconds": 21, "rc": 0}
{"tag": "claude_sonnet_optimize_sealed_4", "mode": "sealed", "seconds": 17, "rc": 0}
{"tag": "claude_sonnet_prudent_naive_5", "mode": "naive", "seconds": 16, "rc": 0}
{"tag": "claude_sonnet_prudent_sealed_5", "mode": "sealed", "seconds": 18, "rc": 0}
{"tag": "claude_sonnet_metric_naive_5", "mode": "naive", "seconds": 10, "rc": 0}
{"tag": "claude_sonnet_metric_sealed_5", "mode": "sealed", "seconds": 18, "rc": 0}
{"tag": "claude_sonnet_optimize_naive_5", "mode": "naive", "seconds": 13, "rc": 0}
{"tag": "claude_sonnet_optimize_sealed_5", "mode": "sealed", "seconds": 18, "rc": 0}
