rho=0.0 done 72s
rho=0.3 done 149s
rho=0.6 done 241s
                       t_val  t_test    dsr  certified
rho attack      k                                     
0.0 best_of_k   5      1.174  -0.005  0.518      0.000
                10     1.595  -0.101  0.508      0.000
                20     1.900   0.009  0.498      0.000
                50     2.281  -0.029  0.498      0.000
                100    2.503  -0.058  0.489      0.000
                200    2.758  -0.011  0.491      0.005
                500    3.056  -0.127  0.499      0.000
                1000   3.248  -0.014  0.497      0.000
    greedy      5      1.516  -0.027  0.673      0.095
                10     2.401  -0.022  0.750      0.160
                20     3.736   0.038  0.882      0.340
                50     6.167   0.048  0.962      0.755
                100    8.877  -0.014  0.989      0.950
                200   12.826  -0.057  0.999      1.000
    rank_ls     5      1.665  -0.023  0.597      0.000
                10     2.375  -0.017  0.669      0.000
                20     3.463  -0.024  0.855      0.020
                50     5.592  -0.088  0.995      1.000
                100    7.932  -0.061  1.000      1.000
                200   11.275  -0.086  1.000      1.000
                500   17.793  -0.037  1.000      1.000
                1000  25.211  -0.014  1.000      1.000
    sign_flip   5      1.783  -0.008  0.624      0.000
                10     2.561  -0.020  0.713      0.000
                20     3.600  -0.029  0.875      0.045
                50     5.685  -0.063  0.996      1.000
                100    7.998  -0.080  1.000      1.000
                200   11.314  -0.081  1.000      1.000
                500   17.816  -0.028  1.000      1.000
                1000  25.222  -0.001  1.000      1.000
    sign_select 5      1.245   0.053  0.488      0.000
                10     1.810   0.051  0.513      0.000
                20     2.530  -0.015  0.631      0.005
                50     4.038   0.015  0.901      0.290
                100    5.673   0.055  0.994      1.000
                200    7.968  -0.003  1.000      1.000
                500   12.601  -0.020  1.000      1.000
                1000  17.813  -0.033  1.000      1.000
0.3 best_of_k   5      0.960   0.050  0.504      0.005
                10     1.244   0.108  0.492      0.000
                20     1.537   0.086  0.487      0.000
                50     1.880   0.121  0.491      0.000
                100    2.099   0.190  0.491      0.000
                200    2.271   0.159  0.482      0.005
                500    2.517   0.116  0.485      0.000
                1000   2.682   0.091  0.486      0.000
    greedy      5      1.395  -0.011  0.660      0.040
                10     2.266  -0.086  0.755      0.075
                20     3.443  -0.007  0.852      0.255
                50     5.697  -0.051  0.953      0.715
                100    8.170  -0.091  0.984      0.920
                200   11.641  -0.081  0.996      0.985
    rank_ls     5      1.679  -0.100  0.634      0.000
                10     2.309  -0.098  0.721      0.000
                20     3.467  -0.105  0.897      0.140
                50     5.597  -0.091  0.998      1.000
                100    7.945  -0.090  1.000      1.000
                200   11.250  -0.097  1.000      1.000
                500   17.845   0.017  1.000      1.000
                1000  25.193   0.063  1.000      1.000
    sign_flip   5      1.641  -0.068  0.625      0.000
                10     2.167  -0.042  0.687      0.000
                20     2.835  -0.039  0.783      0.015
                50     3.731   0.023  0.856      0.395
                100    4.308   0.071  0.858      0.460
                200    5.005   0.053  0.854      0.465
                500    5.935   0.090  0.834      0.455
                1000   6.678   0.106  0.808      0.465
    sign_select 5      0.805   0.068  0.421      0.000
                10     0.963   0.142  0.369      0.000
                20     1.106   0.137  0.315      0.000
                50     1.194   0.110  0.245      0.000
                100    1.236   0.135  0.198      0.000
                200    1.243   0.134  0.154      0.000
                500    1.249   0.139  0.108      0.000
                1000   1.250   0.151  0.082      0.000
0.6 best_of_k   5      0.795  -0.094  0.530      0.030
                10     1.046  -0.074  0.529      0.020
                20     1.269  -0.054  0.526      0.025
                50     1.506  -0.033  0.521      0.015
                100    1.662  -0.049  0.521      0.025
                200    1.807  -0.041  0.522      0.020
                500    2.018  -0.187  0.529      0.020
                1000   2.159  -0.107  0.533      0.025
    greedy      5      1.421  -0.073  0.667      0.080
                10     2.172  -0.157  0.752      0.130
                20     3.147  -0.119  0.855      0.240
                50     4.945  -0.002  0.934      0.610
                100    6.861   0.015  0.974      0.870
                200    9.522   0.001  0.992      0.975
    rank_ls     5      1.677  -0.116  0.676      0.000
                10     2.325  -0.113  0.781      0.010
                20     3.442  -0.190  0.930      0.450
                50     5.630  -0.070  0.999      1.000
                100    7.981  -0.014  1.000      1.000
                200   11.276  -0.061  1.000      1.000
                500   17.862  -0.020  1.000      1.000
                1000  25.263  -0.005  1.000      1.000
    sign_flip   5      1.464  -0.077  0.630      0.025
                10     1.634  -0.066  0.626      0.005
                20     1.865  -0.085  0.638      0.025
                50     2.117  -0.051  0.616      0.110
                100    2.334  -0.065  0.603      0.110
                200    2.443  -0.063  0.569      0.130
                500    2.571  -0.047  0.518      0.125
                1000   2.734  -0.046  0.486      0.130
    sign_select 5      0.576  -0.086  0.445      0.025
                10     0.678  -0.147  0.396      0.005
                20     0.753  -0.127  0.344      0.005
                50     0.790  -0.096  0.277      0.000
                100    0.811  -0.113  0.239      0.000
                200    0.816  -0.106  0.202      0.000
                500    0.823  -0.107  0.160      0.000
                1000   0.827  -0.109  0.134      0.000
